should match snapshot of default values:
  1: |
    apiVersion: v1
    kind: PersistentVolumeClaim
    metadata:
      labels:
        app.kubernetes.io/instance: actualbudget
        app.kubernetes.io/managed-by: Helm
        app.kubernetes.io/name: actualbudget
        app.kubernetes.io/version: 1.0.0
        helm.sh/chart: actualbudget-1.0.0
      name: actualbudget-data
      namespace: actualbudget
    spec:
      accessModes:
        - ReadWriteOnce
      resources:
        requests:
          storage: 10Gi
      storageClassName: longhorn-static
      volumeMode: Filesystem
