should match snapshot of default values:
  1: |
    apiVersion: networking.k8s.io/v1
    kind: Ingress
    metadata:
      labels:
        app.kubernetes.io/instance: outline
        app.kubernetes.io/managed-by: Helm
        app.kubernetes.io/name: outline
        app.kubernetes.io/version: 1.0.0
        helm.sh/chart: outline-1.0.0
      name: outline
    spec:
      ingressClassName: nginx-test
      rules:
        - host: outline.mydomain.com
          http:
            paths:
              - backend:
                  service:
                    name: outline
                    port:
                      number: 3000
                path: /
                pathType: ImplementationSpecific
