should match snapshot of default values:
  1: |
    apiVersion: v1
    kind: Service
    metadata:
      annotations:
        test-key: test-value
      labels:
        app.kubernetes.io/instance: outline
        app.kubernetes.io/managed-by: Helm
        app.kubernetes.io/name: outline
        app.kubernetes.io/version: 1.0.0
        helm.sh/chart: outline-1.0.0
      name: outline
    spec:
      ports:
        - name: http
          port: 3000
          protocol: TCP
          targetPort: http
      selector:
        app.kubernetes.io/instance: outline
        app.kubernetes.io/name: outline
      type: ClusterIP
