should match snapshot of default values:
  1: |
    apiVersion: v1
    automountServiceAccountToken: true
    kind: ServiceAccount
    metadata:
      annotations:
        my-key: my-value
      labels:
        app.kubernetes.io/instance: pypiserver
        app.kubernetes.io/managed-by: Helm
        app.kubernetes.io/name: pypiserver
        app.kubernetes.io/version: v1.0.0
        helm.sh/chart: pypiserver-1.0.0
      name: pypiserver
